Archive member included because of file (symbol)

/opt/Freescale/KDS_v3/toolchain/bin/../lib/gcc/arm-none-eabi/4.8.4/armv6-m/libgcc.a(_divsi3.o)
                              ./Sources/main.o (__aeabi_idiv)
/opt/Freescale/KDS_v3/toolchain/bin/../lib/gcc/arm-none-eabi/4.8.4/armv6-m/libgcc.a(_dvmd_tls.o)
                              /opt/Freescale/KDS_v3/toolchain/bin/../lib/gcc/arm-none-eabi/4.8.4/armv6-m/libgcc.a(_divsi3.o) (__aeabi_idiv0)
/opt/Freescale/KDS_v3/toolchain/bin/../lib/gcc/arm-none-eabi/4.8.4/armv6-m/libgcc.a(_arm_cmpsf2.o)
                              ./Sources/main.o (__aeabi_fcmple)
/opt/Freescale/KDS_v3/toolchain/bin/../lib/gcc/arm-none-eabi/4.8.4/armv6-m/libgcc.a(addsf3.o)
                              ./Sources/main.o (__aeabi_fadd)
/opt/Freescale/KDS_v3/toolchain/bin/../lib/gcc/arm-none-eabi/4.8.4/armv6-m/libgcc.a(divsf3.o)
                              ./Sources/main.o (__aeabi_fdiv)
/opt/Freescale/KDS_v3/toolchain/bin/../lib/gcc/arm-none-eabi/4.8.4/armv6-m/libgcc.a(eqsf2.o)
                              /opt/Freescale/KDS_v3/toolchain/bin/../lib/gcc/arm-none-eabi/4.8.4/armv6-m/libgcc.a(_arm_cmpsf2.o) (__eqsf2)
/opt/Freescale/KDS_v3/toolchain/bin/../lib/gcc/arm-none-eabi/4.8.4/armv6-m/libgcc.a(gesf2.o)
                              /opt/Freescale/KDS_v3/toolchain/bin/../lib/gcc/arm-none-eabi/4.8.4/armv6-m/libgcc.a(_arm_cmpsf2.o) (__gesf2)
/opt/Freescale/KDS_v3/toolchain/bin/../lib/gcc/arm-none-eabi/4.8.4/armv6-m/libgcc.a(lesf2.o)
                              /opt/Freescale/KDS_v3/toolchain/bin/../lib/gcc/arm-none-eabi/4.8.4/armv6-m/libgcc.a(_arm_cmpsf2.o) (__lesf2)
/opt/Freescale/KDS_v3/toolchain/bin/../lib/gcc/arm-none-eabi/4.8.4/armv6-m/libgcc.a(mulsf3.o)
                              ./Sources/main.o (__aeabi_fmul)
/opt/Freescale/KDS_v3/toolchain/bin/../lib/gcc/arm-none-eabi/4.8.4/armv6-m/libgcc.a(subsf3.o)
                              ./Sources/main.o (__aeabi_fsub)
/opt/Freescale/KDS_v3/toolchain/bin/../lib/gcc/arm-none-eabi/4.8.4/armv6-m/libgcc.a(_clzsi2.o)
                              /opt/Freescale/KDS_v3/toolchain/bin/../lib/gcc/arm-none-eabi/4.8.4/armv6-m/libgcc.a(addsf3.o) (__clzsi2)
/opt/Freescale/KDS_v3/toolchain/bin/../lib/gcc/arm-none-eabi/4.8.4/../../../../arm-none-eabi/lib/armv6-m/libg_s.a(lib_a-exit.o)
                              /opt/Freescale/KDS_v3/toolchain/bin/../lib/gcc/arm-none-eabi/4.8.4/../../../../arm-none-eabi/lib/armv6-m/crt0.o (exit)
/opt/Freescale/KDS_v3/toolchain/bin/../lib/gcc/arm-none-eabi/4.8.4/../../../../arm-none-eabi/lib/armv6-m/libg_s.a(lib_a-impure.o)
                              /opt/Freescale/KDS_v3/toolchain/bin/../lib/gcc/arm-none-eabi/4.8.4/../../../../arm-none-eabi/lib/armv6-m/libg_s.a(lib_a-exit.o) (_global_impure_ptr)
/opt/Freescale/KDS_v3/toolchain/bin/../lib/gcc/arm-none-eabi/4.8.4/../../../../arm-none-eabi/lib/armv6-m/libg_s.a(lib_a-init.o)
                              /opt/Freescale/KDS_v3/toolchain/bin/../lib/gcc/arm-none-eabi/4.8.4/../../../../arm-none-eabi/lib/armv6-m/crt0.o (__libc_init_array)
/opt/Freescale/KDS_v3/toolchain/bin/../lib/gcc/arm-none-eabi/4.8.4/../../../../arm-none-eabi/lib/armv6-m/libg_s.a(lib_a-memset.o)
                              /opt/Freescale/KDS_v3/toolchain/bin/../lib/gcc/arm-none-eabi/4.8.4/../../../../arm-none-eabi/lib/armv6-m/crt0.o (memset)
/opt/Freescale/KDS_v3/toolchain/bin/../lib/gcc/arm-none-eabi/4.8.4/../../../../arm-none-eabi/lib/armv6-m/libg_s.a(lib_a-printf.o)
                              ./Sources/main.o (printf)
/opt/Freescale/KDS_v3/toolchain/bin/../lib/gcc/arm-none-eabi/4.8.4/../../../../arm-none-eabi/lib/armv6-m/libg_s.a(lib_a-puts.o)
                              ./Sources/main.o (puts)
/opt/Freescale/KDS_v3/toolchain/bin/../lib/gcc/arm-none-eabi/4.8.4/../../../../arm-none-eabi/lib/armv6-m/libg_s.a(lib_a-vfprintf.o)
                              /opt/Freescale/KDS_v3/toolchain/bin/../lib/gcc/arm-none-eabi/4.8.4/../../../../arm-none-eabi/lib/armv6-m/libg_s.a(lib_a-printf.o) (_vfprintf_r)
/opt/Freescale/KDS_v3/toolchain/bin/../lib/gcc/arm-none-eabi/4.8.4/../../../../arm-none-eabi/lib/armv6-m/libg_s.a(lib_a-vfprintf_i.o)
                              /opt/Freescale/KDS_v3/toolchain/bin/../lib/gcc/arm-none-eabi/4.8.4/../../../../arm-none-eabi/lib/armv6-m/libg_s.a(lib_a-vfprintf.o) (_printf_i)
/opt/Freescale/KDS_v3/toolchain/bin/../lib/gcc/arm-none-eabi/4.8.4/../../../../arm-none-eabi/lib/armv6-m/libg_s.a(lib_a-wbuf.o)
                              /opt/Freescale/KDS_v3/toolchain/bin/../lib/gcc/arm-none-eabi/4.8.4/../../../../arm-none-eabi/lib/armv6-m/libg_s.a(lib_a-puts.o) (__swbuf_r)
/opt/Freescale/KDS_v3/toolchain/bin/../lib/gcc/arm-none-eabi/4.8.4/../../../../arm-none-eabi/lib/armv6-m/libg_s.a(lib_a-wsetup.o)
                              /opt/Freescale/KDS_v3/toolchain/bin/../lib/gcc/arm-none-eabi/4.8.4/../../../../arm-none-eabi/lib/armv6-m/libg_s.a(lib_a-puts.o) (__swsetup_r)
[...]
Memory Configuration

Name             Origin             Length             Attributes
m_interrupts     0x00000000         0x000000c0         xr
m_text           0x00000410         0x0000fbf0         xr
m_data           0x1ffffc00         0x00001000         rw
m_cfmprotrom     0x00000400         0x00000010         xr
*default*        0x00000000         0xffffffff

Linker script and memory map

LOAD /opt/Freescale/KDS_v3/toolchain/bin/../lib/gcc/arm-none-eabi/4.8.4/armv6-m/crti.o
LOAD /opt/Freescale/KDS_v3/toolchain/bin/../lib/gcc/arm-none-eabi/4.8.4/armv6-m/crtbegin.o
LOAD /opt/Freescale/KDS_v3/toolchain/bin/../lib/gcc/arm-none-eabi/4.8.4/../../../../arm-none-eabi/lib/armv6-m/crt0.o
LOAD ./Sources/Events.o
LOAD ./Sources/main.o
LOAD ./Project_Settings/Startup_Code/startup.o
LOAD ./Generated_Code/ADC.o
LOAD ./Generated_Code/AdcLdd1.o
LOAD ./Generated_Code/BitIoLdd1.o
LOAD ./Generated_Code/BitIoLdd2.o
LOAD ./Generated_Code/BitIoLdd3.o
LOAD ./Generated_Code/Cpu.o
LOAD ./Generated_Code/DebugConsole.o
LOAD ./Generated_Code/ErrorsSignaling.o
LOAD ./Generated_Code/IO1.o
LOAD ./Generated_Code/LedGreen.o
LOAD ./Generated_Code/LedRed.o
LOAD ./Generated_Code/LedYellow.o
LOAD ./Generated_Code/PE_LDD.o
LOAD ./Generated_Code/TU1.o
LOAD ./Generated_Code/TimerIntLdd1.o
LOAD ./Generated_Code/Vectors.o
LOAD /opt/Freescale/KDS_v3/toolchain/bin/../lib/gcc/arm-none-eabi/4.8.4/../../../../arm-none-eabi/lib/armv6-m/libstdc++_s.a
LOAD /opt/Freescale/KDS_v3/toolchain/bin/../lib/gcc/arm-none-eabi/4.8.4/../../../../arm-none-eabi/lib/armv6-m/libm.a
START GROUP
LOAD /opt/Freescale/KDS_v3/toolchain/bin/../lib/gcc/arm-none-eabi/4.8.4/armv6-m/libgcc.a
LOAD /opt/Freescale/KDS_v3/toolchain/bin/../lib/gcc/arm-none-eabi/4.8.4/../../../../arm-none-eabi/lib/armv6-m/libg_s.a
LOAD /opt/Freescale/KDS_v3/toolchain/bin/../lib/gcc/arm-none-eabi/4.8.4/../../../../arm-none-eabi/lib/armv6-m/libc_s.a
END GROUP
START GROUP
LOAD /opt/Freescale/KDS_v3/toolchain/bin/../lib/gcc/arm-none-eabi/4.8.4/armv6-m/libgcc.a
LOAD /opt/Freescale/KDS_v3/toolchain/bin/../lib/gcc/arm-none-eabi/4.8.4/../../../../arm-none-eabi/lib/armv6-m/libc_s.a
LOAD /opt/Freescale/KDS_v3/toolchain/bin/../lib/gcc/arm-none-eabi/4.8.4/../../../../arm-none-eabi/lib/armv6-m/libnosys.a
END GROUP
START GROUP
LOAD /opt/Freescale/KDS_v3/toolchain/bin/../lib/gcc/arm-none-eabi/4.8.4/armv6-m/libgcc.a
LOAD /opt/Freescale/KDS_v3/toolchain/bin/../lib/gcc/arm-none-eabi/4.8.4/../../../../arm-none-eabi/lib/armv6-m/libc_s.a
LOAD /opt/Freescale/KDS_v3/toolchain/bin/../lib/gcc/arm-none-eabi/4.8.4/../../../../arm-none-eabi/lib/armv6-m/libnosys.a
END GROUP
LOAD /opt/Freescale/KDS_v3/toolchain/bin/../lib/gcc/arm-none-eabi/4.8.4/armv6-m/crtend.o
LOAD /opt/Freescale/KDS_v3/toolchain/bin/../lib/gcc/arm-none-eabi/4.8.4/armv6-m/crtn.o
                0x20000c00                _estack = 0x20000c00
                0x20000c00                __SP_INIT = _estack
                0x20000c00                __stack = _estack
                0x00000000                __heap_size = 0x0
                0x00000100                __stack_size = 0x100

.interrupts     0x00000000       0xc0
                0x00000000                __vector_table = .
                0x00000000                . = ALIGN (0x4)
 *(.vectortable)
 .vectortable   0x00000000       0xc0 ./Generated_Code/Vectors.o
                0x00000000                __vect_table
                0x000000c0                . = ALIGN (0x4)

.cfmprotect     0x00000400       0x10
                0x00000400                . = ALIGN (0x4)
 *(.cfmconfig)
 .cfmconfig     0x00000400       0x10 ./Generated_Code/Cpu.o
                0x00000400                _cfm
                0x00000410                . = ALIGN (0x4)

.text           0x00000410     0x21c4
                0x00000410                . = ALIGN (0x4)
 *(.text)
 .text          0x00000410       0x60 /opt/Freescale/KDS_v3/toolchain/bin/../lib/gcc/arm-none-eabi/4.8.4/armv6-m/crtbegin.o
 .text          0x00000470       0x78 /opt/Freescale/KDS_v3/toolchain/bin/../lib/gcc/arm-none-eabi/4.8.4/../../../../arm-none-eabi/lib/armv6-m/crt0.o
                0x00000470                _mainCRTStartup
                0x00000470                _start
 .text          0x000004e8        0x4 /opt/Freescale/KDS_v3/toolchain/bin/../lib/gcc/arm-none-eabi/4.8.4/armv6-m/libgcc.a(_dvmd_tls.o)
                0x000004e8                __aeabi_ldiv0
                0x000004e8                __aeabi_idiv0
 .text          0x000004ec       0x74 /opt/Freescale/KDS_v3/toolchain/bin/../lib/gcc/arm-none-eabi/4.8.4/armv6-m/libgcc.a(_arm_cmpsf2.o)
                0x000004ec                __aeabi_cfrcmple
                0x000004f4                __aeabi_cfcmple
                0x000004f4                __aeabi_cfcmpeq
                0x00000504                __aeabi_fcmpeq
                0x00000510                __aeabi_fcmplt
                0x00000524                __aeabi_fcmple
                0x00000538                __aeabi_fcmpgt
                0x0000054c                __aeabi_fcmpge
 .text          0x00000560       0x54 /opt/Freescale/KDS_v3/toolchain/bin/../lib/gcc/arm-none-eabi/4.8.4/armv6-m/libgcc.a(eqsf2.o)
                0x00000560                __nesf2
                0x00000560                __eqsf2
 .text          0x000005b4       0x90 /opt/Freescale/KDS_v3/toolchain/bin/../lib/gcc/arm-none-eabi/4.8.4/armv6-m/libgcc.a(gesf2.o)
                0x000005b4                __gtsf2
                0x000005b4                __gesf2
 .text          0x00000644       0x98 /opt/Freescale/KDS_v3/toolchain/bin/../lib/gcc/arm-none-eabi/4.8.4/armv6-m/libgcc.a(lesf2.o)
                0x00000644                __lesf2
                0x00000644                __ltsf2
 .text          0x000006dc       0x9c /opt/Freescale/KDS_v3/toolchain/bin/../lib/gcc/arm-none-eabi/4.8.4/armv6-m/libgcc.a(_udivsi3.o)
                0x000006dc                __udivsi3
                0x000006dc                __aeabi_uidiv
                0x00000764                __aeabi_uidivmod
 *(.text*)
 .text.Cpu_OnNMIINT
                0x00000778        0x8 ./Sources/Events.o
                0x00000778                Cpu_OnNMIINT
 .text.ADC_OnEnd
                0x00000780       0x88 ./Sources/Events.o
                0x00000780                ADC_OnEnd
 .text.ErrorsSignaling_OnInterrupt
                0x00000808        0x8 ./Sources/Events.o
                0x00000808                ErrorsSignaling_OnInterrupt
 .text.delayMs  0x00000810       0x3c ./Sources/main.o
                0x00000810                delayMs
 .text.analog2Volts
                0x0000084c       0x20 ./Sources/main.o
                0x0000084c                analog2Volts
 .text.printPowerSource
                0x0000086c       0x88 ./Sources/main.o
                0x0000086c                printPowerSource
 .text.main     0x000008f4       0x88 ./Sources/main.o
                0x000008f4                main
 .text.handle_12V_truck_charging
                0x0000097c        0x8 ./Sources/main.o
                0x0000097c                handle_12V_truck_charging
 .text.handle_24V_truck_charging
                0x00000984        0x8 ./Sources/main.o
                0x00000984                handle_24V_truck_charging
 .text.handle_24V_external_charging
                0x0000098c        0x8 ./Sources/main.o
                0x0000098c                handle_24V_external_charging
 .text.detectPowerSupply
                0x00000994       0xb8 ./Sources/main.o
                0x00000994                detectPowerSupply
 .text.lm5175SetVout
                0x00000a4c       0x10 ./Sources/main.o
                0x00000a4c                lm5175SetVout
 .text.lm5175SetIout
                0x00000a5c       0x10 ./Sources/main.o
                0x00000a5c                lm5175SetIout
 .text.__copy_rom_section
                0x00000a6c       0xd8 ./Project_Settings/Startup_Code/startup.o
                0x00000a6c                __copy_rom_section
 .text.__copy_rom_sections_to_ram
                0x00000b44       0x98 ./Project_Settings/Startup_Code/startup.o
                0x00000b44                __copy_rom_sections_to_ram
 .text.__init_registers
                0x00000bdc        0x8 ./Project_Settings/Startup_Code/startup.o
                0x00000bdc                __init_registers
 .text.__init_user
                0x00000be4        0x8 ./Project_Settings/Startup_Code/startup.o
                0x00000be4                __init_user
 .text.__thumb_startup
                0x00000bec       0x30 ./Project_Settings/Startup_Code/startup.o
                0x00000bec                __thumb_startup
 .text.ADC_GetChanValue16
                0x00000c1c       0x50 ./Generated_Code/ADC.o
                0x00000c1c                ADC_GetChanValue16
 .text.AdcLdd1_OnMeasurementComplete
                0x00000c6c       0x74 ./Generated_Code/ADC.o
                0x00000c6c                AdcLdd1_OnMeasurementComplete
 .text.ADC_Init
                0x00000ce0       0x38 ./Generated_Code/ADC.o
                0x00000ce0                ADC_Init
 .text.AdcLdd1_Init
                0x00000d18       0xcc ./Generated_Code/AdcLdd1.o
                0x00000d18                AdcLdd1_Init
 .text.AdcLdd1_GetMeasuredValues
                0x00000de4       0x68 ./Generated_Code/AdcLdd1.o
                0x00000de4                AdcLdd1_GetMeasuredValues
 .text.AdcLdd1_MeasurementCompleteInterrupt
                0x00000e4c       0x60 ./Generated_Code/AdcLdd1.o
                0x00000e4c                AdcLdd1_MeasurementCompleteInterrupt
 .text.BitIoLdd1_Init
                0x00000eac       0x4c ./Generated_Code/BitIoLdd1.o
                0x00000eac                BitIoLdd1_Init
 .text.BitIoLdd2_Init
                0x00000ef8       0x48 ./Generated_Code/BitIoLdd2.o
                0x00000ef8                BitIoLdd2_Init
 .text.BitIoLdd3_Init
                0x00000f40       0x48 ./Generated_Code/BitIoLdd3.o
                0x00000f40                BitIoLdd3_Init
 .text.Cpu_INT_NMIInterrupt
                0x00000f88        0xc ./Generated_Code/Cpu.o
                0x00000f88                Cpu_INT_NMIInterrupt
 .text.Cpu_Interrupt
                0x00000f94        0xc ./Generated_Code/Cpu.o
                0x00000f94                Cpu_Interrupt
 .text.__init_hardware
                0x00000fa0       0xa0 ./Generated_Code/Cpu.o
                0x00000fa0                __init_hardware
 .text.PE_low_level_init
                0x00001040       0x90 ./Generated_Code/Cpu.o
                0x00001040                PE_low_level_init
 .text._read    0x000010d0       0x78 ./Generated_Code/DebugConsole.o
                0x000010d0                _read
 .text._write   0x00001148       0x70 ./Generated_Code/DebugConsole.o
                0x00001148                _write
 .text.TimerIntLdd1_OnInterrupt
                0x000011b8       0x14 ./Generated_Code/ErrorsSignaling.o
                0x000011b8                TimerIntLdd1_OnInterrupt
 .text.IO1_Init
                0x000011cc      0x104 ./Generated_Code/IO1.o
                0x000011cc                IO1_Init
 .text.TU1_Init
                0x000012d0       0xd4 ./Generated_Code/TU1.o
                0x000012d0                TU1_Init
 .text.TU1_Interrupt
                0x000013a4       0x5c ./Generated_Code/TU1.o
                0x000013a4                TU1_Interrupt
 .text.TimerIntLdd1_Init
                0x00001400       0x50 ./Generated_Code/TimerIntLdd1.o
                0x00001400                TimerIntLdd1_Init
 .text.TU1_OnCounterRestart
                0x00001450       0x24 ./Generated_Code/TimerIntLdd1.o
                0x00001450                TU1_OnCounterRestart
 .text.exit     0x00001474       0x2c /opt/Freescale/KDS_v3/toolchain/bin/../lib/gcc/arm-none-eabi/4.8.4/../../../../arm-none-eabi/lib/armv6-m/libg_s.a(lib_a-exit.o)
                0x00001474                exit
 .text.__libc_init_array
                0x000014a0       0x4c /opt/Freescale/KDS_v3/toolchain/bin/../lib/gcc/arm-none-eabi/4.8.4/../../../../arm-none-eabi/lib/armv6-m/libg_s.a(lib_a-init.o)
                0x000014a0                __libc_init_array
 .text.memset   0x000014ec       0x10 /opt/Freescale/KDS_v3/toolchain/bin/../lib/gcc/arm-none-eabi/4.8.4/../../../../arm-none-eabi/lib/armv6-m/libg_s.a(lib_a-memset.o)
                0x000014ec                memset
 .text.printf   0x000014fc       0x34 /opt/Freescale/KDS_v3/toolchain/bin/../lib/gcc/arm-none-eabi/4.8.4/../../../../arm-none-eabi/lib/armv6-m/libg_s.a(lib_a-printf.o)
                0x000014fc                printf
                0x000014fc                iprintf
 .text._puts_r  0x00001530       0xc2 /opt/Freescale/KDS_v3/toolchain/bin/../lib/gcc/arm-none-eabi/4.8.4/../../../../arm-none-eabi/lib/armv6-m/libg_s.a(lib_a-puts.o)
                0x00001530                _puts_r
 *fill*         0x000015f2        0x2 
 .text.puts     0x000015f4       0x14 /opt/Freescale/KDS_v3/toolchain/bin/../lib/gcc/arm-none-eabi/4.8.4/../../../../arm-none-eabi/lib/armv6-m/libg_s.a(lib_a-puts.o)
                0x000015f4                puts
 .text.__sfputc_r
                0x00001608       0x2a /opt/Freescale/KDS_v3/toolchain/bin/../lib/gcc/arm-none-eabi/4.8.4/../../../../arm-none-eabi/lib/armv6-m/libg_s.a(lib_a-vfprintf.o)
 .text.__sfputs_r
                0x00001632       0x24 /opt/Freescale/KDS_v3/toolchain/bin/../lib/gcc/arm-none-eabi/4.8.4/../../../../arm-none-eabi/lib/armv6-m/libg_s.a(lib_a-vfprintf.o)
                0x00001632                __sfputs_r
 *fill*         0x00001656        0x2 
 .text._vfprintf_r
                0x00001658      0x210 /opt/Freescale/KDS_v3/toolchain/bin/../lib/gcc/arm-none-eabi/4.8.4/../../../../arm-none-eabi/lib/armv6-m/libg_s.a(lib_a-vfprintf.o)
                0x00001658                _vfiprintf_r
                0x00001658                _vfprintf_r
 .text._printf_common
                0x00001868       0xe8 /opt/Freescale/KDS_v3/toolchain/bin/../lib/gcc/arm-none-eabi/4.8.4/../../../../arm-none-eabi/lib/armv6-m/libg_s.a(lib_a-vfprintf_i.o)
                0x00001868                _printf_common
 .text._printf_i
                0x00001950      0x22c /opt/Freescale/KDS_v3/toolchain/bin/../lib/gcc/arm-none-eabi/4.8.4/../../../../arm-none-eabi/lib/armv6-m/libg_s.a(lib_a-vfprintf_i.o)
                0x00001950                _printf_i
 .text.__swbuf_r
                0x00001b7c       0xb0 /opt/Freescale/KDS_v3/toolchain/bin/../lib/gcc/arm-none-eabi/4.8.4/../../../../arm-none-eabi/lib/armv6-m/libg_s.a(lib_a-wbuf.o)
                0x00001b7c                __swbuf_r
 .text.__swsetup_r
                0x00001c2c       0xe4 /opt/Freescale/KDS_v3/toolchain/bin/../lib/gcc/arm-none-eabi/4.8.4/../../../../arm-none-eabi/lib/armv6-m/libg_s.a(lib_a-wsetup.o)
                0x00001c2c                __swsetup_r
 .text.__sflush_r
                0x00001d10      0x112 /opt/Freescale/KDS_v3/toolchain/bin/../lib/gcc/arm-none-eabi/4.8.4/../../../../arm-none-eabi/lib/armv6-m/libg_s.a(lib_a-fflush.o)
                0x00001d10                __sflush_r
 *fill*         0x00001e22        0x2 
 .text._fflush_r
                0x00001e24       0x58 /opt/Freescale/KDS_v3/toolchain/bin/../lib/gcc/arm-none-eabi/4.8.4/../../../../arm-none-eabi/lib/armv6-m/libg_s.a(lib_a-fflush.o)
                0x00001e24                _fflush_r
 .text._cleanup_r
                0x00001e7c       0x34 /opt/Freescale/KDS_v3/toolchain/bin/../lib/gcc/arm-none-eabi/4.8.4/../../../../arm-none-eabi/lib/armv6-m/libg_s.a(lib_a-findfp.o)
                0x00001e7c                _cleanup_r
 .text.std.isra.0
                0x00001eb0       0x48 /opt/Freescale/KDS_v3/toolchain/bin/../lib/gcc/arm-none-eabi/4.8.4/../../../../arm-none-eabi/lib/armv6-m/libg_s.a(lib_a-findfp.o)
 .text.__sfmoreglue
                0x00001ef8       0x2c /opt/Freescale/KDS_v3/toolchain/bin/../lib/gcc/arm-none-eabi/4.8.4/../../../../arm-none-eabi/lib/armv6-m/libg_s.a(lib_a-findfp.o)
                0x00001ef8                __sfmoreglue
 .text.__sinit  0x00001f24       0x64 /opt/Freescale/KDS_v3/toolchain/bin/../lib/gcc/arm-none-eabi/4.8.4/../../../../arm-none-eabi/lib/armv6-m/libg_s.a(lib_a-findfp.o)
                0x00001f24                __sinit
 .text.__sfp    0x00001f88       0x7c /opt/Freescale/KDS_v3/toolchain/bin/../lib/gcc/arm-none-eabi/4.8.4/../../../../arm-none-eabi/lib/armv6-m/libg_s.a(lib_a-findfp.o)
                0x00001f88                __sfp
 .text.__smakebuf_r
                0x00002004       0xa0 /opt/Freescale/KDS_v3/toolchain/bin/../lib/gcc/arm-none-eabi/4.8.4/../../../../arm-none-eabi/lib/armv6-m/libg_s.a(lib_a-makebuf.o)
                0x00002004                __smakebuf_r
 .text.memchr   0x000020a4       0x16 /opt/Freescale/KDS_v3/toolchain/bin/../lib/gcc/arm-none-eabi/4.8.4/../../../../arm-none-eabi/lib/armv6-m/libg_s.a(lib_a-memchr-stub.o)
                0x000020a4                memchr
 *fill*         0x000020ba        0x2 
 .text._free_r  0x000020bc       0x90 /opt/Freescale/KDS_v3/toolchain/bin/../lib/gcc/arm-none-eabi/4.8.4/../../../../arm-none-eabi/lib/armv6-m/libg_s.a(lib_a-nano-freer.o)
                0x000020bc                _free_r
 .text._malloc_r
                0x0000214c       0xa8 /opt/Freescale/KDS_v3/toolchain/bin/../lib/gcc/arm-none-eabi/4.8.4/../../../../arm-none-eabi/lib/armv6-m/libg_s.a(lib_a-nano-mallocr.o)
                0x0000214c                _malloc_r
 .text._sbrk_r  0x000021f4       0x24 /opt/Freescale/KDS_v3/toolchain/bin/../lib/gcc/arm-none-eabi/4.8.4/../../../../arm-none-eabi/lib/armv6-m/libg_s.a(lib_a-sbrkr.o)
                0x000021f4                _sbrk_r
 .text.__sread  0x00002218       0x28 /opt/Freescale/KDS_v3/toolchain/bin/../lib/gcc/arm-none-eabi/4.8.4/../../../../arm-none-eabi/lib/armv6-m/libg_s.a(lib_a-stdio.o)
                0x00002218                __sread
 .text.__swrite
                0x00002240       0x38 /opt/Freescale/KDS_v3/toolchain/bin/../lib/gcc/arm-none-eabi/4.8.4/../../../../arm-none-eabi/lib/armv6-m/libg_s.a(lib_a-stdio.o)
                0x00002240                __swrite
 .text.__sseek  0x00002278       0x2c /opt/Freescale/KDS_v3/toolchain/bin/../lib/gcc/arm-none-eabi/4.8.4/../../../../arm-none-eabi/lib/armv6-m/libg_s.a(lib_a-stdio.o)
                0x00002278                __sseek
 .text.__sclose
                0x000022a4        0xc /opt/Freescale/KDS_v3/toolchain/bin/../lib/gcc/arm-none-eabi/4.8.4/../../../../arm-none-eabi/lib/armv6-m/libg_s.a(lib_a-stdio.o)
                0x000022a4                __sclose
 .text.strlen   0x000022b0        0xe /opt/Freescale/KDS_v3/toolchain/bin/../lib/gcc/arm-none-eabi/4.8.4/../../../../arm-none-eabi/lib/armv6-m/libg_s.a(lib_a-strlen.o)
                0x000022b0                strlen
 *fill*         0x000022be        0x2 
 .text._write_r
                0x000022c0       0x28 /opt/Freescale/KDS_v3/toolchain/bin/../lib/gcc/arm-none-eabi/4.8.4/../../../../arm-none-eabi/lib/armv6-m/libg_s.a(lib_a-writer.o)
                0x000022c0                _write_r
 .text._close_r
                0x000022e8       0x24 /opt/Freescale/KDS_v3/toolchain/bin/../lib/gcc/arm-none-eabi/4.8.4/../../../../arm-none-eabi/lib/armv6-m/libg_s.a(lib_a-closer.o)
                0x000022e8                _close_r
 .text._fstat_r
                0x0000230c       0x24 /opt/Freescale/KDS_v3/toolchain/bin/../lib/gcc/arm-none-eabi/4.8.4/../../../../arm-none-eabi/lib/armv6-m/libg_s.a(lib_a-fstatr.o)
                0x0000230c                _fstat_r
 .text._isatty_r
                0x00002330       0x24 /opt/Freescale/KDS_v3/toolchain/bin/../lib/gcc/arm-none-eabi/4.8.4/../../../../arm-none-eabi/lib/armv6-m/libg_s.a(lib_a-isattyr.o)
                0x00002330                _isatty_r
 .text._lseek_r
                0x00002354       0x28 /opt/Freescale/KDS_v3/toolchain/bin/../lib/gcc/arm-none-eabi/4.8.4/../../../../arm-none-eabi/lib/armv6-m/libg_s.a(lib_a-lseekr.o)
                0x00002354                _lseek_r
 .text._read_r  0x0000237c       0x28 /opt/Freescale/KDS_v3/toolchain/bin/../lib/gcc/arm-none-eabi/4.8.4/../../../../arm-none-eabi/lib/armv6-m/libg_s.a(lib_a-readr.o)
                0x0000237c                _read_r
 .text._close   0x000023a4       0x10 /opt/Freescale/KDS_v3/toolchain/bin/../lib/gcc/arm-none-eabi/4.8.4/../../../../arm-none-eabi/lib/armv6-m/libnosys.a(close.o)
                0x000023a4                _close
 .text._fstat   0x000023b4       0x10 /opt/Freescale/KDS_v3/toolchain/bin/../lib/gcc/arm-none-eabi/4.8.4/../../../../arm-none-eabi/lib/armv6-m/libnosys.a(fstat.o)
                0x000023b4                _fstat
 .text._isatty  0x000023c4       0x10 /opt/Freescale/KDS_v3/toolchain/bin/../lib/gcc/arm-none-eabi/4.8.4/../../../../arm-none-eabi/lib/armv6-m/libnosys.a(isatty.o)
                0x000023c4                _isatty
 .text._lseek   0x000023d4       0x10 /opt/Freescale/KDS_v3/toolchain/bin/../lib/gcc/arm-none-eabi/4.8.4/../../../../arm-none-eabi/lib/armv6-m/libnosys.a(lseek.o)
                0x000023d4                _lseek
 .text._sbrk    0x000023e4       0x34 /opt/Freescale/KDS_v3/toolchain/bin/../lib/gcc/arm-none-eabi/4.8.4/../../../../arm-none-eabi/lib/armv6-m/libnosys.a(sbrk.o)
                0x000023e4                _sbrk
 .text._exit    0x00002418        0x4 /opt/Freescale/KDS_v3/toolchain/bin/../lib/gcc/arm-none-eabi/4.8.4/../../../../arm-none-eabi/lib/armv6-m/libnosys.a(_exit.o)
                0x00002418                _exit
 *(.rodata)
 .rodata        0x0000241c       0xdc ./Sources/main.o
 *(.rodata*)
 .rodata.printPowerSource
                0x000024f8       0x14 ./Sources/main.o
 .rodata.main   0x0000250c       0x14 ./Sources/main.o
 .rodata.str1.1
                0x00002520        0x2 /opt/Freescale/KDS_v3/toolchain/bin/../lib/gcc/arm-none-eabi/4.8.4/../../../../arm-none-eabi/lib/armv6-m/libg_s.a(lib_a-impure.o)
 *fill*         0x00002522        0x2 
 .rodata._global_impure_ptr
                0x00002524        0x4 /opt/Freescale/KDS_v3/toolchain/bin/../lib/gcc/arm-none-eabi/4.8.4/../../../../arm-none-eabi/lib/armv6-m/libg_s.a(lib_a-impure.o)
                0x00002524                _global_impure_ptr
 .rodata.str1.1
                0x00002528       0x11 /opt/Freescale/KDS_v3/toolchain/bin/../lib/gcc/arm-none-eabi/4.8.4/../../../../arm-none-eabi/lib/armv6-m/libg_s.a(lib_a-vfprintf.o)
 .rodata.str1.1
                0x00002539       0x22 /opt/Freescale/KDS_v3/toolchain/bin/../lib/gcc/arm-none-eabi/4.8.4/../../../../arm-none-eabi/lib/armv6-m/libg_s.a(lib_a-vfprintf_i.o)
 *fill*         0x0000255b        0x1 
 .rodata.__sf_fake_stdin
                0x0000255c       0x20 /opt/Freescale/KDS_v3/toolchain/bin/../lib/gcc/arm-none-eabi/4.8.4/../../../../arm-none-eabi/lib/armv6-m/libg_s.a(lib_a-findfp.o)
                0x0000255c                __sf_fake_stdin
 .rodata.__sf_fake_stdout
                0x0000257c       0x20 /opt/Freescale/KDS_v3/toolchain/bin/../lib/gcc/arm-none-eabi/4.8.4/../../../../arm-none-eabi/lib/armv6-m/libg_s.a(lib_a-findfp.o)
                0x0000257c                __sf_fake_stdout
 .rodata.__sf_fake_stderr
                0x0000259c       0x20 /opt/Freescale/KDS_v3/toolchain/bin/../lib/gcc/arm-none-eabi/4.8.4/../../../../arm-none-eabi/lib/armv6-m/libg_s.a(lib_a-findfp.o)
                0x0000259c                __sf_fake_stderr
 *(.glue_7)
 .glue_7        0x00000000        0x0 linker stubs
 *(.glue_7t)
 .glue_7t       0x00000000        0x0 linker stubs
 *(.eh_frame)
 .eh_frame      0x000025bc        0x0 /opt/Freescale/KDS_v3/toolchain/bin/../lib/gcc/arm-none-eabi/4.8.4/armv6-m/crtbegin.o
 *(.init)
 .init          0x000025bc        0x4 /opt/Freescale/KDS_v3/toolchain/bin/../lib/gcc/arm-none-eabi/4.8.4/armv6-m/crti.o
                0x000025bc                _init
 .init          0x000025c0        0x8 /opt/Freescale/KDS_v3/toolchain/bin/../lib/gcc/arm-none-eabi/4.8.4/armv6-m/crtn.o
 *(.fini)
 .fini          0x000025c8        0x4 /opt/Freescale/KDS_v3/toolchain/bin/../lib/gcc/arm-none-eabi/4.8.4/armv6-m/crti.o
                0x000025c8                _fini
 .fini          0x000025cc        0x8 /opt/Freescale/KDS_v3/toolchain/bin/../lib/gcc/arm-none-eabi/4.8.4/armv6-m/crtn.o
                0x000025d4                . = ALIGN (0x4)
                0x000025d4                _etext = .

.vfp11_veneer   0x000025d4        0x0
 .vfp11_veneer  0x00000000        0x0 linker stubs

.v4_bx          0x000025d4        0x0
 .v4_bx         0x00000000        0x0 linker stubs

.iplt           0x000025d4        0x0
 .iplt          0x00000000        0x0 /opt/Freescale/KDS_v3/toolchain/bin/../lib/gcc/arm-none-eabi/4.8.4/armv6-m/crtbegin.o

.ARM.extab
 *(.ARM.extab* .gnu.linkonce.armextab.*)

.ARM            0x000025d4        0x8
                0x000025d4                __exidx_start = .
 *(.ARM.exidx*)
 .ARM.exidx     0x000025d4        0x8 /opt/Freescale/KDS_v3/toolchain/bin/../lib/gcc/arm-none-eabi/4.8.4/../../../../arm-none-eabi/lib/armv6-m/crt0.o
                0x000025dc                __exidx_end = .

.rel.dyn        0x000025dc        0x0
 .rel.iplt      0x00000000        0x0 /opt/Freescale/KDS_v3/toolchain/bin/../lib/gcc/arm-none-eabi/4.8.4/armv6-m/crtbegin.o

.ctors          0x000025dc        0x0
                0x000025dc                __CTOR_LIST__ = .
 *crtbegin.o(.ctors)
 *(EXCLUDE_FILE(*crtend.o) .ctors)
 *(SORT(.ctors.*))
 *(.ctors)
                0x000025dc                __CTOR_END__ = .

.dtors          0x000025dc        0x0
                0x000025dc                __DTOR_LIST__ = .
 *crtbegin.o(.dtors)
 *(EXCLUDE_FILE(*crtend.o) .dtors)
 *(SORT(.dtors.*))
 *(.dtors)
                0x000025dc                __DTOR_END__ = .

.preinit_array  0x000025dc        0x0
                0x000025dc                PROVIDE (__preinit_array_start, .)
 *(.preinit_array*)
                0x000025dc                PROVIDE (__preinit_array_end, .)

.init_array     0x000025dc        0x4
                0x000025dc                PROVIDE (__init_array_start, .)
 *(SORT(.init_array.*))
 *(.init_array*)
 .init_array    0x000025dc        0x4 /opt/Freescale/KDS_v3/toolchain/bin/../lib/gcc/arm-none-eabi/4.8.4/armv6-m/crtbegin.o
                0x000025e0                PROVIDE (__init_array_end, .)

.fini_array     0x000025e0        0x4
                0x000025e0                PROVIDE (__fini_array_start, .)
 *(SORT(.fini_array.*))
 *(.fini_array*)
 .fini_array    0x000025e0        0x4 /opt/Freescale/KDS_v3/toolchain/bin/../lib/gcc/arm-none-eabi/4.8.4/armv6-m/crtbegin.o
                0x000025e4                PROVIDE (__fini_array_end, .)
                0x000025e4                ___ROM_AT = .

.mtb            0x1ffffc00        0x0
                0x1ffffc00                . = ALIGN (0x8)
                0x1ffffc00                _mtb_start = .
 *(.mtb_buf)
                0x1ffffc00                . = ALIGN (0x8)
                0x1ffffc00                _mtb_end = .

.data           0x1ffffc00       0x68 load address 0x000025e4
                0x1ffffc00                . = ALIGN (0x4)
                0x1ffffc00                _sdata = .
 *(.data)
 *(.data*)
 .data.chargingMethod
                0x1ffffc00        0x1 ./Sources/main.o
                0x1ffffc00                chargingMethod
 *fill*         0x1ffffc01        0x3 
 .data.impure_data
                0x1ffffc04       0x60 /opt/Freescale/KDS_v3/toolchain/bin/../lib/gcc/arm-none-eabi/4.8.4/../../../../arm-none-eabi/lib/armv6-m/libg_s.a(lib_a-impure.o)
 .data._impure_ptr
                0x1ffffc64        0x4 /opt/Freescale/KDS_v3/toolchain/bin/../lib/gcc/arm-none-eabi/4.8.4/../../../../arm-none-eabi/lib/armv6-m/libg_s.a(lib_a-impure.o)
                0x1ffffc64                _impure_ptr
                0x1ffffc68                . = ALIGN (0x4)
                0x1ffffc68                _edata = .
                0x00000068                ___data_size = (_edata - _sdata)

.jcr            0x1ffffc68        0x0 load address 0x0000264c
 .jcr           0x1ffffc68        0x0 /opt/Freescale/KDS_v3/toolchain/bin/../lib/gcc/arm-none-eabi/4.8.4/armv6-m/crtbegin.o

.igot.plt       0x1ffffc68        0x0 load address 0x0000264c
 .igot.plt      0x00000000        0x0 /opt/Freescale/KDS_v3/toolchain/bin/../lib/gcc/arm-none-eabi/4.8.4/armv6-m/crtbegin.o
                0x1ffffc68                . = ALIGN (0x4)

.bss            0x1ffffc68       0xe0 load address 0x0000264c
                0x1ffffc68                __START_BSS = .
                0x1ffffc68                PROVIDE (__bss_start__, __START_BSS)
 *(.bss)
 .bss           0x1ffffc68       0x1c /opt/Freescale/KDS_v3/toolchain/bin/../lib/gcc/arm-none-eabi/4.8.4/armv6-m/crtbegin.o
 *(.bss*)
 .bss.SumChan   0x1ffffc84        0x1 ./Generated_Code/ADC.o
 .bss.ModeFlg   0x1ffffc85        0x1 ./Generated_Code/ADC.o
 .bss.OutFlg    0x1ffffc86        0x1 ./Generated_Code/ADC.o
 *fill*         0x1ffffc87        0x1 
 .bss.DeviceDataPrv__DEFAULT_RTOS_ALLOC
                0x1ffffc88       0x28 ./Generated_Code/AdcLdd1.o
 .bss.INT_ADC0__DEFAULT_RTOS_ISRPARAM
                0x1ffffcb0        0x4 ./Generated_Code/AdcLdd1.o
 .bss.DeviceDataPrv__DEFAULT_RTOS_ALLOC
                0x1ffffcb4        0x4 ./Generated_Code/BitIoLdd1.o
 .bss.DeviceDataPrv__DEFAULT_RTOS_ALLOC
                0x1ffffcb8        0x4 ./Generated_Code/BitIoLdd2.o
 .bss.DeviceDataPrv__DEFAULT_RTOS_ALLOC
                0x1ffffcbc        0x4 ./Generated_Code/BitIoLdd3.o
 .bss.DeviceDataPrv__DEFAULT_RTOS_ALLOC
                0x1ffffcc0       0x18 ./Generated_Code/IO1.o
 .bss.PE_LDD_DeviceDataList
                0x1ffffcd8       0x1c ./Generated_Code/PE_LDD.o
                0x1ffffcd8                PE_LDD_DeviceDataList
 .bss.DeviceDataPrv__DEFAULT_RTOS_ALLOC
                0x1ffffcf4        0xc ./Generated_Code/TU1.o
 .bss.INT_FTM0__DEFAULT_RTOS_ISRPARAM
                0x1ffffd00        0x4 ./Generated_Code/TU1.o
 .bss.DeviceDataPrv__DEFAULT_RTOS_ALLOC
                0x1ffffd04        0xc ./Generated_Code/TimerIntLdd1.o
 .bss.__malloc_sbrk_start
                0x1ffffd10        0x4 /opt/Freescale/KDS_v3/toolchain/bin/../lib/gcc/arm-none-eabi/4.8.4/../../../../arm-none-eabi/lib/armv6-m/libg_s.a(lib_a-nano-mallocr.o)
                0x1ffffd10                __malloc_sbrk_start
 .bss.__malloc_free_list
                0x1ffffd14        0x4 /opt/Freescale/KDS_v3/toolchain/bin/../lib/gcc/arm-none-eabi/4.8.4/../../../../arm-none-eabi/lib/armv6-m/libg_s.a(lib_a-nano-mallocr.o)
                0x1ffffd14                __malloc_free_list
 .bss.heap_end.4246
                0x1ffffd18        0x4 /opt/Freescale/KDS_v3/toolchain/bin/../lib/gcc/arm-none-eabi/4.8.4/../../../../arm-none-eabi/lib/armv6-m/libnosys.a(sbrk.o)
 *(COMMON)
 COMMON         0x1ffffd1c       0x14 ./Sources/main.o
                0x1ffffd1c                analog_external_pwr_source_voltage
                0x1ffffd1e                analog_NTC_mos_temp
                0x1ffffd20                analog_truck_24v_voltage
                0x1ffffd22                analog_truck_12v_voltage
                0x1ffffd24                analog_NTC_batt1_temp
                0x1ffffd26                analog_battery_current_amps
                0x1ffffd28                curr_status
                0x1ffffd2a                analog_NTC_batt2_temp
                0x1ffffd2c                analog_v_battery_micro_voltage
                0x1ffffd2e                analog_pwm_fb
 COMMON         0x1ffffd30       0x14 ./Generated_Code/ADC.o
                0x1ffffd30                ADC_OutV
                0x1ffffd40                AdcLdd1_DeviceDataPtr
 COMMON         0x1ffffd44        0x4 /opt/Freescale/KDS_v3/toolchain/bin/../lib/gcc/arm-none-eabi/4.8.4/../../../../arm-none-eabi/lib/armv6-m/libg_s.a(lib_a-reent.o)
                0x1ffffd44                errno
                0x1ffffd48                . = ALIGN (0x4)
                0x1ffffd48                __END_BSS = .
                0x1ffffd48                PROVIDE (__bss_end__, __END_BSS)
                0x0000264c                _romp_at = (___ROM_AT + SIZEOF (.data))

.romp           0x1ffffd48       0x18 load address 0x0000264c
                0x0000264c                __S_romp = _romp_at
                0x1ffffd48        0x4 LONG 0x25e4 ___ROM_AT
                0x1ffffd4c        0x4 LONG 0x1ffffc00 _sdata
                0x1ffffd50        0x4 LONG 0x68 ___data_size
                0x1ffffd54        0x4 LONG 0x0
                0x1ffffd58        0x4 LONG 0x0
                0x1ffffd5c        0x4 LONG 0x0
                0x00010000                text_end = (ORIGIN (m_text) + 0xfbf0)
                0x00002664                data_init_end = ((___ROM_AT + SIZEOF (.data)) + SIZEOF (.romp))
                0x00000001                ASSERT ((data_init_end <= text_end), region m_text overflowed with text and data)

._user_heap_stack
                0x1ffffd60      0x100 load address 0x00002664
                0x1ffffd60                . = ALIGN (0x4)
                0x1ffffd60                PROVIDE (end, .)
                0x1ffffd60                PROVIDE (_end, .)
                0x1ffffd60                PROVIDE (__end__, .)
                0x1ffffd60                __heap_addr = .
                0x1ffffd60                __HeapBase = .
                0x1ffffd60                . = (. + __heap_size)
                0x1ffffd60                __HeapLimit = .
                0x1ffffe60                . = (. + __stack_size)
 *fill*         0x1ffffd60      0x100 
                0x1ffffe60                . = ALIGN (0x4)

.ARM.attributes
                0x00000000       0x28
 *(.ARM.attributes)
 .ARM.attributes
                0x00000000       0x1e /opt/Freescale/KDS_v3/toolchain/bin/../lib/gcc/arm-none-eabi/4.8.4/armv6-m/crti.o
 .ARM.attributes
                0x0000001e       0x2c /opt/Freescale/KDS_v3/toolchain/bin/../lib/gcc/arm-none-eabi/4.8.4/armv6-m/crtbegin.o
 .ARM.attributes
                0x0000004a       0x1b /opt/Freescale/KDS_v3/toolchain/bin/../lib/gcc/arm-none-eabi/4.8.4/../../../../arm-none-eabi/lib/armv6-m/crt0.o
 .ARM.attributes
                0x00000065       0x32 ./Sources/Events.o
 .ARM.attributes
                0x00000097       0x32 ./Sources/main.o
 .ARM.attributes
                0x000000c9       0x32 ./Project_Settings/Startup_Code/startup.o
 .ARM.attributes
                0x000000fb       0x32 ./Generated_Code/ADC.o
 .ARM.attributes
                0x0000012d       0x32 ./Generated_Code/AdcLdd1.o
 .ARM.attributes
                0x0000015f       0x32 ./Generated_Code/BitIoLdd1.o
 .ARM.attributes
                0x00000191       0x32 ./Generated_Code/BitIoLdd2.o
 .ARM.attributes
                0x000001c3       0x32 ./Generated_Code/BitIoLdd3.o
 .ARM.attributes
                0x000001f5       0x32 ./Generated_Code/Cpu.o
 .ARM.attributes
                0x00000227       0x32 ./Generated_Code/DebugConsole.o
 .ARM.attributes
                0x00000259       0x32 ./Generated_Code/ErrorsSignaling.o
 .ARM.attributes
                0x0000028b       0x32 ./Generated_Code/IO1.o
 .ARM.attributes
                0x000002bd       0x32 ./Generated_Code/PE_LDD.o
 .ARM.attributes
                0x000002ef       0x32 ./Generated_Code/TU1.o
 .ARM.attributes
                0x00000321       0x32 ./Generated_Code/TimerIntLdd1.o
 .ARM.attributes
                0x00000353       0x32 ./Generated_Code/Vectors.o
 .ARM.attributes
                0x00000385       0x1e /opt/Freescale/KDS_v3/toolchain/bin/../lib/gcc/arm-none-eabi/4.8.4/armv6-m/libgcc.a(_dvmd_tls.o)
 .ARM.attributes
                0x000003a3       0x1e /opt/Freescale/KDS_v3/toolchain/bin/../lib/gcc/arm-none-eabi/4.8.4/armv6-m/libgcc.a(_arm_cmpsf2.o)
 .ARM.attributes
                0x000003c1       0x2c /opt/Freescale/KDS_v3/toolchain/bin/../lib/gcc/arm-none-eabi/4.8.4/armv6-m/libgcc.a(eqsf2.o)
 .ARM.attributes
                0x000003ed       0x2c /opt/Freescale/KDS_v3/toolchain/bin/../lib/gcc/arm-none-eabi/4.8.4/armv6-m/libgcc.a(gesf2.o)
 .ARM.attributes
                0x00000419       0x2c /opt/Freescale/KDS_v3/toolchain/bin/../lib/gcc/arm-none-eabi/4.8.4/armv6-m/libgcc.a(lesf2.o)
 .ARM.attributes
                0x00000445       0x2c /opt/Freescale/KDS_v3/toolchain/bin/../lib/gcc/arm-none-eabi/4.8.4/../../../../arm-none-eabi/lib/armv6-m/libg_s.a(lib_a-exit.o)
 .ARM.attributes
                0x00000471       0x2c /opt/Freescale/KDS_v3/toolchain/bin/../lib/gcc/arm-none-eabi/4.8.4/../../../../arm-none-eabi/lib/armv6-m/libg_s.a(lib_a-impure.o)
 .ARM.attributes
                0x0000049d       0x2c /opt/Freescale/KDS_v3/toolchain/bin/../lib/gcc/arm-none-eabi/4.8.4/../../../../arm-none-eabi/lib/armv6-m/libg_s.a(lib_a-init.o)
 .ARM.attributes
                0x000004c9       0x2c /opt/Freescale/KDS_v3/toolchain/bin/../lib/gcc/arm-none-eabi/4.8.4/../../../../arm-none-eabi/lib/armv6-m/libg_s.a(lib_a-memset.o)
 .ARM.attributes
                0x000004f5       0x2c /opt/Freescale/KDS_v3/toolchain/bin/../lib/gcc/arm-none-eabi/4.8.4/../../../../arm-none-eabi/lib/armv6-m/libg_s.a(lib_a-printf.o)
 .ARM.attributes
                0x00000521       0x2c /opt/Freescale/KDS_v3/toolchain/bin/../lib/gcc/arm-none-eabi/4.8.4/../../../../arm-none-eabi/lib/armv6-m/libg_s.a(lib_a-puts.o)
 .ARM.attributes
                0x0000054d       0x2c /opt/Freescale/KDS_v3/toolchain/bin/../lib/gcc/arm-none-eabi/4.8.4/../../../../arm-none-eabi/lib/armv6-m/libg_s.a(lib_a-vfprintf.o)
 .ARM.attributes
                0x00000579       0x2c /opt/Freescale/KDS_v3/toolchain/bin/../lib/gcc/arm-none-eabi/4.8.4/../../../../arm-none-eabi/lib/armv6-m/libg_s.a(lib_a-vfprintf_i.o)
 .ARM.attributes
                0x000005a5       0x2c /opt/Freescale/KDS_v3/toolchain/bin/../lib/gcc/arm-none-eabi/4.8.4/../../../../arm-none-eabi/lib/armv6-m/libg_s.a(lib_a-wbuf.o)
 .ARM.attributes
                0x000005d1       0x2c /opt/Freescale/KDS_v3/toolchain/bin/../lib/gcc/arm-none-eabi/4.8.4/../../../../arm-none-eabi/lib/armv6-m/libg_s.a(lib_a-wsetup.o)
 .ARM.attributes
                0x000005fd       0x2c /opt/Freescale/KDS_v3/toolchain/bin/../lib/gcc/arm-none-eabi/4.8.4/../../../../arm-none-eabi/lib/armv6-m/libg_s.a(lib_a-fflush.o)
 .ARM.attributes
                0x00000629       0x2c /opt/Freescale/KDS_v3/toolchain/bin/../lib/gcc/arm-none-eabi/4.8.4/../../../../arm-none-eabi/lib/armv6-m/libg_s.a(lib_a-findfp.o)
 .ARM.attributes
                0x00000655       0x2c /opt/Freescale/KDS_v3/toolchain/bin/../lib/gcc/arm-none-eabi/4.8.4/../../../../arm-none-eabi/lib/armv6-m/libg_s.a(lib_a-makebuf.o)
 .ARM.attributes
                0x00000681       0x2c /opt/Freescale/KDS_v3/toolchain/bin/../lib/gcc/arm-none-eabi/4.8.4/../../../../arm-none-eabi/lib/armv6-m/libg_s.a(lib_a-memchr-stub.o)
 .ARM.attributes
                0x000006ad       0x2c /opt/Freescale/KDS_v3/toolchain/bin/../lib/gcc/arm-none-eabi/4.8.4/../../../../arm-none-eabi/lib/armv6-m/libg_s.a(lib_a-nano-freer.o)
 .ARM.attributes
                0x000006d9       0x2c /opt/Freescale/KDS_v3/toolchain/bin/../lib/gcc/arm-none-eabi/4.8.4/../../../../arm-none-eabi/lib/armv6-m/libg_s.a(lib_a-nano-mallocr.o)
 .ARM.attributes
                0x00000705       0x2c /opt/Freescale/KDS_v3/toolchain/bin/../lib/gcc/arm-none-eabi/4.8.4/../../../../arm-none-eabi/lib/armv6-m/libg_s.a(lib_a-sbrkr.o)
 .ARM.attributes
                0x00000731       0x2c /opt/Freescale/KDS_v3/toolchain/bin/../lib/gcc/arm-none-eabi/4.8.4/../../../../arm-none-eabi/lib/armv6-m/libg_s.a(lib_a-stdio.o)
 .ARM.attributes
                0x0000075d       0x2c /opt/Freescale/KDS_v3/toolchain/bin/../lib/gcc/arm-none-eabi/4.8.4/../../../../arm-none-eabi/lib/armv6-m/libg_s.a(lib_a-strlen.o)
 .ARM.attributes
                0x00000789       0x2c /opt/Freescale/KDS_v3/toolchain/bin/../lib/gcc/arm-none-eabi/4.8.4/../../../../arm-none-eabi/lib/armv6-m/libg_s.a(lib_a-writer.o)
 .ARM.attributes
                0x000007b5       0x2c /opt/Freescale/KDS_v3/toolchain/bin/../lib/gcc/arm-none-eabi/4.8.4/../../../../arm-none-eabi/lib/armv6-m/libg_s.a(lib_a-closer.o)
 .ARM.attributes
                0x000007e1       0x2c /opt/Freescale/KDS_v3/toolchain/bin/../lib/gcc/arm-none-eabi/4.8.4/../../../../arm-none-eabi/lib/armv6-m/libg_s.a(lib_a-fstatr.o)
 .ARM.attributes
                0x0000080d       0x2c /opt/Freescale/KDS_v3/toolchain/bin/../lib/gcc/arm-none-eabi/4.8.4/../../../../arm-none-eabi/lib/armv6-m/libg_s.a(lib_a-isattyr.o)
 .ARM.attributes
                0x00000839       0x2c /opt/Freescale/KDS_v3/toolchain/bin/../lib/gcc/arm-none-eabi/4.8.4/../../../../arm-none-eabi/lib/armv6-m/libg_s.a(lib_a-lseekr.o)
 .ARM.attributes
                0x00000865       0x2c /opt/Freescale/KDS_v3/toolchain/bin/../lib/gcc/arm-none-eabi/4.8.4/../../../../arm-none-eabi/lib/armv6-m/libg_s.a(lib_a-readr.o)
 .ARM.attributes
                0x00000891       0x2c /opt/Freescale/KDS_v3/toolchain/bin/../lib/gcc/arm-none-eabi/4.8.4/../../../../arm-none-eabi/lib/armv6-m/libg_s.a(lib_a-reent.o)
 .ARM.attributes
                0x000008bd       0x1e /opt/Freescale/KDS_v3/toolchain/bin/../lib/gcc/arm-none-eabi/4.8.4/armv6-m/libgcc.a(_udivsi3.o)
 .ARM.attributes
                0x000008db       0x2c /opt/Freescale/KDS_v3/toolchain/bin/../lib/gcc/arm-none-eabi/4.8.4/../../../../arm-none-eabi/lib/armv6-m/libnosys.a(close.o)
 .ARM.attributes
                0x00000907       0x2c /opt/Freescale/KDS_v3/toolchain/bin/../lib/gcc/arm-none-eabi/4.8.4/../../../../arm-none-eabi/lib/armv6-m/libnosys.a(fstat.o)
 .ARM.attributes
                0x00000933       0x2c /opt/Freescale/KDS_v3/toolchain/bin/../lib/gcc/arm-none-eabi/4.8.4/../../../../arm-none-eabi/lib/armv6-m/libnosys.a(isatty.o)
 .ARM.attributes
                0x0000095f       0x2c /opt/Freescale/KDS_v3/toolchain/bin/../lib/gcc/arm-none-eabi/4.8.4/../../../../arm-none-eabi/lib/armv6-m/libnosys.a(lseek.o)
 .ARM.attributes
                0x0000098b       0x2c /opt/Freescale/KDS_v3/toolchain/bin/../lib/gcc/arm-none-eabi/4.8.4/../../../../arm-none-eabi/lib/armv6-m/libnosys.a(sbrk.o)
 .ARM.attributes
                0x000009b7       0x2c /opt/Freescale/KDS_v3/toolchain/bin/../lib/gcc/arm-none-eabi/4.8.4/../../../../arm-none-eabi/lib/armv6-m/libnosys.a(_exit.o)
 .ARM.attributes
                0x000009e3       0x1e /opt/Freescale/KDS_v3/toolchain/bin/../lib/gcc/arm-none-eabi/4.8.4/armv6-m/crtn.o
OUTPUT(battery-charger.elf elf32-littlearm)

.debug_info     0x00000000     0x302a
 .debug_info    0x00000000      0x242 ./Sources/Events.o
 .debug_info    0x00000242      0x5c7 ./Sources/main.o
 .debug_info    0x00000809      0x20a ./Project_Settings/Startup_Code/startup.o
 .debug_info    0x00000a13      0x314 ./Generated_Code/ADC.o
 .debug_info    0x00000d27      0x64f ./Generated_Code/AdcLdd1.o
 .debug_info    0x00001376      0x22f ./Generated_Code/BitIoLdd1.o
 .debug_info    0x000015a5      0x22f ./Generated_Code/BitIoLdd2.o
 .debug_info    0x000017d4      0x2a4 ./Generated_Code/BitIoLdd3.o
 .debug_info    0x00001a78      0x62d ./Generated_Code/Cpu.o
 .debug_info    0x000020a5      0x1ca ./Generated_Code/DebugConsole.o
 .debug_info    0x0000226f       0xb2 ./Generated_Code/ErrorsSignaling.o
 .debug_info    0x00002321      0x367 ./Generated_Code/IO1.o
 .debug_info    0x00002688      0x251 ./Generated_Code/PE_LDD.o
 .debug_info    0x000028d9      0x4cc ./Generated_Code/TU1.o
 .debug_info    0x00002da5      0x177 ./Generated_Code/TimerIntLdd1.o
 .debug_info    0x00002f1c      0x10e ./Generated_Code/Vectors.o

.debug_abbrev   0x00000000     0x12d5
 .debug_abbrev  0x00000000      0x10a ./Sources/Events.o
 .debug_abbrev  0x0000010a      0x1c4 ./Sources/main.o
 .debug_abbrev  0x000002ce      0x11e ./Project_Settings/Startup_Code/startup.o
 .debug_abbrev  0x000003ec      0x18a ./Generated_Code/ADC.o
 .debug_abbrev  0x00000576      0x1b4 ./Generated_Code/AdcLdd1.o
 .debug_abbrev  0x0000072a      0x10f ./Generated_Code/BitIoLdd1.o
 .debug_abbrev  0x00000839      0x10f ./Generated_Code/BitIoLdd2.o
 .debug_abbrev  0x00000948      0x147 ./Generated_Code/BitIoLdd3.o
 .debug_abbrev  0x00000a8f      0x1b5 ./Generated_Code/Cpu.o
 .debug_abbrev  0x00000c44       0xdd ./Generated_Code/DebugConsole.o
 .debug_abbrev  0x00000d21       0x68 ./Generated_Code/ErrorsSignaling.o
 .debug_abbrev  0x00000d89      0x154 ./Generated_Code/IO1.o
 .debug_abbrev  0x00000edd      0x10d ./Generated_Code/PE_LDD.o
 .debug_abbrev  0x00000fea      0x16a ./Generated_Code/TU1.o
 .debug_abbrev  0x00001154       0xdd ./Generated_Code/TimerIntLdd1.o
 .debug_abbrev  0x00001231       0xa4 ./Generated_Code/Vectors.o

.debug_aranges  0x00000000      0x3f0
 .debug_aranges
                0x00000000       0x78 ./Sources/Events.o
 .debug_aranges
                0x00000078       0x88 ./Sources/main.o
 .debug_aranges
                0x00000100       0x50 ./Project_Settings/Startup_Code/startup.o
 .debug_aranges
                0x00000150       0x48 ./Generated_Code/ADC.o
 .debug_aranges
                0x00000198       0x50 ./Generated_Code/AdcLdd1.o
 .debug_aranges
                0x000001e8       0x38 ./Generated_Code/BitIoLdd1.o
 .debug_aranges
                0x00000220       0x38 ./Generated_Code/BitIoLdd2.o
 .debug_aranges
                0x00000258       0x48 ./Generated_Code/BitIoLdd3.o
 .debug_aranges
                0x000002a0       0x38 ./Generated_Code/Cpu.o
 .debug_aranges
                0x000002d8       0x28 ./Generated_Code/DebugConsole.o
 .debug_aranges
                0x00000300       0x20 ./Generated_Code/ErrorsSignaling.o
 .debug_aranges
                0x00000320       0x38 ./Generated_Code/IO1.o
 .debug_aranges
                0x00000358       0x30 ./Generated_Code/PE_LDD.o
 .debug_aranges
                0x00000388       0x28 ./Generated_Code/TU1.o
 .debug_aranges
                0x000003b0       0x28 ./Generated_Code/TimerIntLdd1.o
 .debug_aranges
                0x000003d8       0x18 ./Generated_Code/Vectors.o

.debug_ranges   0x00000000      0x2e8
 .debug_ranges  0x00000000       0x68 ./Sources/Events.o
 .debug_ranges  0x00000068       0x78 ./Sources/main.o
 .debug_ranges  0x000000e0       0x40 ./Project_Settings/Startup_Code/startup.o
 .debug_ranges  0x00000120       0x38 ./Generated_Code/ADC.o
 .debug_ranges  0x00000158       0x40 ./Generated_Code/AdcLdd1.o
 .debug_ranges  0x00000198       0x28 ./Generated_Code/BitIoLdd1.o
 .debug_ranges  0x000001c0       0x28 ./Generated_Code/BitIoLdd2.o
 .debug_ranges  0x000001e8       0x38 ./Generated_Code/BitIoLdd3.o
 .debug_ranges  0x00000220       0x28 ./Generated_Code/Cpu.o
 .debug_ranges  0x00000248       0x18 ./Generated_Code/DebugConsole.o
 .debug_ranges  0x00000260       0x10 ./Generated_Code/ErrorsSignaling.o
 .debug_ranges  0x00000270       0x28 ./Generated_Code/IO1.o
 .debug_ranges  0x00000298       0x20 ./Generated_Code/PE_LDD.o
 .debug_ranges  0x000002b8       0x18 ./Generated_Code/TU1.o
 .debug_ranges  0x000002d0       0x18 ./Generated_Code/TimerIntLdd1.o

.debug_macro    0x00000000    0x15568
 .debug_macro   0x00000000      0x283 ./Sources/Events.o
 .debug_macro   0x00000283      0x802 ./Sources/Events.o
 .debug_macro   0x00000a85       0x16 ./Sources/Events.o
 .debug_macro   0x00000a9b       0x44 ./Sources/Events.o
 .debug_macro   0x00000adf      0x209 ./Sources/Events.o
 .debug_macro   0x00000ce8     0x1599 ./Sources/Events.o
 .debug_macro   0x00002281      0x14e ./Sources/Events.o
 .debug_macro   0x000023cf       0x5e ./Sources/Events.o
 .debug_macro   0x0000242d     0x6fcd ./Sources/Events.o
 .debug_macro   0x000093fa       0x8e ./Sources/Events.o
 .debug_macro   0x00009488       0x94 ./Sources/Events.o
 .debug_macro   0x0000951c      0x5c9 ./Sources/Events.o
 .debug_macro   0x00009ae5       0x9e ./Sources/Events.o
 .debug_macro   0x00009b83       0x11 ./Sources/Events.o
 .debug_macro   0x00009b94       0x58 ./Sources/Events.o
 .debug_macro   0x00009bec       0x35 ./Sources/Events.o
 .debug_macro   0x00009c21       0xa3 ./Sources/Events.o
 .debug_macro   0x00009cc4       0x16 ./Sources/Events.o
 .debug_macro   0x00009cda       0x97 ./Sources/Events.o
 .debug_macro   0x00009d71       0x10 ./Sources/Events.o
 .debug_macro   0x00009d81       0xef ./Sources/Events.o
 .debug_macro   0x00009e70       0x52 ./Sources/Events.o
 .debug_macro   0x00009ec2       0x16 ./Sources/Events.o
 .debug_macro   0x00009ed8       0x43 ./Sources/Events.o
 .debug_macro   0x00009f1b      0x180 ./Sources/Events.o
 .debug_macro   0x0000a09b       0x10 ./Sources/Events.o
 .debug_macro   0x0000a0ab       0x22 ./Sources/Events.o
 .debug_macro   0x0000a0cd       0xbd ./Sources/Events.o
 .debug_macro   0x0000a18a       0x16 ./Sources/Events.o
 .debug_macro   0x0000a1a0      0x14a ./Sources/Events.o
 .debug_macro   0x0000a2ea       0x40 ./Sources/Events.o
 .debug_macro   0x0000a32a      0x6a6 ./Sources/Events.o
 .debug_macro   0x0000a9d0       0x4a ./Sources/Events.o
 .debug_macro   0x0000aa1a       0x1c ./Sources/Events.o
 .debug_macro   0x0000aa36      0x132 ./Sources/Events.o
 .debug_macro   0x0000ab68       0x3a ./Sources/Events.o
 .debug_macro   0x0000aba2       0x17 ./Sources/Events.o
 .debug_macro   0x0000abb9       0x40 ./Sources/Events.o
 .debug_macro   0x0000abf9       0x17 ./Sources/Events.o
 .debug_macro   0x0000ac10       0x4c ./Sources/Events.o
 .debug_macro   0x0000ac5c       0x26 ./Sources/Events.o
 .debug_macro   0x0000ac82       0xb6 ./Sources/Events.o
 .debug_macro   0x0000ad38      0x136 ./Sources/Events.o
 .debug_macro   0x0000ae6e      0x28d ./Sources/main.o
 .debug_macro   0x0000b0fb      0x121 ./Project_Settings/Startup_Code/startup.o
 .debug_macro   0x0000b21c      0x166 ./Project_Settings/Startup_Code/startup.o
 .debug_macro   0x0000b382       0x4a ./Project_Settings/Startup_Code/startup.o
 .debug_macro   0x0000b3cc      0x2a6 ./Project_Settings/Startup_Code/startup.o
 .debug_macro   0x0000b672       0x10 ./Project_Settings/Startup_Code/startup.o
 .debug_macro   0x0000b682       0x35 ./Project_Settings/Startup_Code/startup.o
 .debug_macro   0x0000b6b7       0x16 ./Project_Settings/Startup_Code/startup.o
 .debug_macro   0x0000b6cd       0x22 ./Project_Settings/Startup_Code/startup.o
 .debug_macro   0x0000b6ef       0x1c ./Project_Settings/Startup_Code/startup.o
 .debug_macro   0x0000b70b      0x20f ./Project_Settings/Startup_Code/startup.o
 .debug_macro   0x0000b91a     0x6fb5 ./Project_Settings/Startup_Code/startup.o
 .debug_macro   0x000128cf      0x26f ./Generated_Code/ADC.o
 .debug_macro   0x00012b3e       0x94 ./Generated_Code/ADC.o
 .debug_macro   0x00012bd2       0xd5 ./Generated_Code/AdcLdd1.o
 .debug_macro   0x00012ca7       0xa6 ./Generated_Code/BitIoLdd1.o
 .debug_macro   0x00012d4d      0x12c ./Generated_Code/BitIoLdd1.o
 .debug_macro   0x00012e79       0xa6 ./Generated_Code/BitIoLdd2.o
 .debug_macro   0x00012f1f       0x3a ./Generated_Code/BitIoLdd2.o
 .debug_macro   0x00012f59       0xa6 ./Generated_Code/BitIoLdd3.o
 .debug_macro   0x00012fff       0x46 ./Generated_Code/BitIoLdd3.o
 .debug_macro   0x00013045      0x271 ./Generated_Code/Cpu.o
 .debug_macro   0x000132b6      0x143 ./Generated_Code/DebugConsole.o
 .debug_macro   0x000133f9       0x52 ./Generated_Code/DebugConsole.o
 .debug_macro   0x0001344b      0x7b2 ./Generated_Code/DebugConsole.o
 .debug_macro   0x00013bfd      0x251 ./Generated_Code/ErrorsSignaling.o
 .debug_macro   0x00013e4e       0xbb ./Generated_Code/IO1.o
 .debug_macro   0x00013f09       0x3a ./Generated_Code/IO1.o
 .debug_macro   0x00013f43      0x972 ./Generated_Code/IO1.o
 .debug_macro   0x000148b5      0x225 ./Generated_Code/PE_LDD.o
 .debug_macro   0x00014ada       0xbb ./Generated_Code/TU1.o
 .debug_macro   0x00014b95      0x6a0 ./Generated_Code/TU1.o
 .debug_macro   0x00015235       0xc5 ./Generated_Code/TimerIntLdd1.o
 .debug_macro   0x000152fa      0x26e ./Generated_Code/Vectors.o

.debug_line     0x00000000     0x3e0f
 .debug_line    0x00000000      0x550 ./Sources/Events.o
 .debug_line    0x00000550      0x5ca ./Sources/main.o
 .debug_line    0x00000b1a      0x3d6 ./Project_Settings/Startup_Code/startup.o
 .debug_line    0x00000ef0      0x4d4 ./Generated_Code/ADC.o
 .debug_line    0x000013c4      0x382 ./Generated_Code/AdcLdd1.o
 .debug_line    0x00001746      0x2ae ./Generated_Code/BitIoLdd1.o
 .debug_line    0x000019f4      0x2ae ./Generated_Code/BitIoLdd2.o
 .debug_line    0x00001ca2      0x2d5 ./Generated_Code/BitIoLdd3.o
 .debug_line    0x00001f77      0x593 ./Generated_Code/Cpu.o
 .debug_line    0x0000250a      0x328 ./Generated_Code/DebugConsole.o
 .debug_line    0x00002832      0x46d ./Generated_Code/ErrorsSignaling.o
 .debug_line    0x00002c9f      0x2d3 ./Generated_Code/IO1.o
 .debug_line    0x00002f72      0x416 ./Generated_Code/PE_LDD.o
 .debug_line    0x00003388      0x2ab ./Generated_Code/TU1.o
 .debug_line    0x00003633      0x2b1 ./Generated_Code/TimerIntLdd1.o
 .debug_line    0x000038e4      0x52b ./Generated_Code/Vectors.o

.debug_str      0x00000000    0x55f0b
 .debug_str     0x00000000    0x45e52 ./Sources/Events.o
                              0x463b9 (size before relaxing)
 .debug_str     0x00045e52      0x2a2 ./Sources/main.o
                              0x4655c (size before relaxing)
 .debug_str     0x000460f4     0x10bc ./Project_Settings/Startup_Code/startup.o
                              0x2fca3 (size before relaxing)
 .debug_str     0x000471b0      0x189 ./Generated_Code/ADC.o
                              0x45789 (size before relaxing)
 .debug_str     0x00047339      0x42d ./Generated_Code/AdcLdd1.o
                              0x39b10 (size before relaxing)
 .debug_str     0x00047766       0x8f ./Generated_Code/BitIoLdd1.o
                              0x3555f (size before relaxing)
 .debug_str     0x000477f5       0x8f ./Generated_Code/BitIoLdd2.o
                              0x35559 (size before relaxing)
 .debug_str     0x00047884       0xba ./Generated_Code/BitIoLdd3.o
                              0x355cb (size before relaxing)
 .debug_str     0x0004793e      0x17d ./Generated_Code/Cpu.o
                              0x45837 (size before relaxing)
 .debug_str     0x00047abb     0x710a ./Generated_Code/DebugConsole.o
                              0x36c56 (size before relaxing)
 .debug_str     0x0004ebc5       0x3d ./Generated_Code/ErrorsSignaling.o
                              0x4561a (size before relaxing)
 .debug_str     0x0004ec02     0x6f32 ./Generated_Code/IO1.o
                              0x42b15 (size before relaxing)
 .debug_str     0x00055b34      0x17e ./Generated_Code/PE_LDD.o
                              0x45799 (size before relaxing)
 .debug_str     0x00055cb2      0x17f ./Generated_Code/TU1.o
                              0x3db72 (size before relaxing)
 .debug_str     0x00055e31       0xbe ./Generated_Code/TimerIntLdd1.o
                              0x3da02 (size before relaxing)
 .debug_str     0x00055eef       0x1c ./Generated_Code/Vectors.o
                              0x4562c (size before relaxing)

.comment        0x00000000       0x70
 .comment       0x00000000       0x70 ./Sources/Events.o
                                 0x71 (size before relaxing)
 .comment       0x00000000       0x71 ./Sources/main.o
 .comment       0x00000000       0x71 ./Project_Settings/Startup_Code/startup.o
 .comment       0x00000000       0x71 ./Generated_Code/ADC.o
 .comment       0x00000000       0x71 ./Generated_Code/AdcLdd1.o
 .comment       0x00000000       0x71 ./Generated_Code/BitIoLdd1.o
 .comment       0x00000000       0x71 ./Generated_Code/BitIoLdd2.o
 .comment       0x00000000       0x71 ./Generated_Code/BitIoLdd3.o
 .comment       0x00000000       0x71 ./Generated_Code/Cpu.o
 .comment       0x00000000       0x71 ./Generated_Code/DebugConsole.o
 .comment       0x00000000       0x71 ./Generated_Code/ErrorsSignaling.o
 .comment       0x00000000       0x71 ./Generated_Code/IO1.o
 .comment       0x00000000       0x71 ./Generated_Code/PE_LDD.o
 .comment       0x00000000       0x71 ./Generated_Code/TU1.o
 .comment       0x00000000       0x71 ./Generated_Code/TimerIntLdd1.o
 .comment       0x00000000       0x71 ./Generated_Code/Vectors.o

.debug_frame    0x00000000     0x1294
 .debug_frame   0x00000000      0x164 ./Sources/Events.o
 .debug_frame   0x00000164      0x1c0 ./Sources/main.o
 .debug_frame   0x00000324       0xd0 ./Project_Settings/Startup_Code/startup.o
 .debug_frame   0x000003f4       0xc8 ./Generated_Code/ADC.o
 .debug_frame   0x000004bc       0xf0 ./Generated_Code/AdcLdd1.o
 .debug_frame   0x000005ac       0x90 ./Generated_Code/BitIoLdd1.o
 .debug_frame   0x0000063c       0x90 ./Generated_Code/BitIoLdd2.o
 .debug_frame   0x000006cc       0xd0 ./Generated_Code/BitIoLdd3.o
 .debug_frame   0x0000079c       0x80 ./Generated_Code/Cpu.o
 .debug_frame   0x0000081c       0x50 ./Generated_Code/DebugConsole.o
 .debug_frame   0x0000086c       0x30 ./Generated_Code/ErrorsSignaling.o
 .debug_frame   0x0000089c       0x90 ./Generated_Code/IO1.o
 .debug_frame   0x0000092c       0x6c ./Generated_Code/PE_LDD.o
 .debug_frame   0x00000998       0x50 ./Generated_Code/TU1.o
 .debug_frame   0x000009e8       0x50 ./Generated_Code/TimerIntLdd1.o
 .debug_frame   0x00000a38       0x2c /opt/Freescale/KDS_v3/toolchain/bin/../lib/gcc/arm-none-eabi/4.8.4/armv6-m/libgcc.a(eqsf2.o)
 .debug_frame   0x00000a64       0x30 /opt/Freescale/KDS_v3/toolchain/bin/../lib/gcc/arm-none-eabi/4.8.4/armv6-m/libgcc.a(gesf2.o)
 .debug_frame   0x00000a94       0x30 /opt/Freescale/KDS_v3/toolchain/bin/../lib/gcc/arm-none-eabi/4.8.4/armv6-m/libgcc.a(lesf2.o)
 .debug_frame   0x00000ac4       0x28 /opt/Freescale/KDS_v3/toolchain/bin/../lib/gcc/arm-none-eabi/4.8.4/../../../../arm-none-eabi/lib/armv6-m/libg_s.a(lib_a-exit.o)
 .debug_frame   0x00000aec       0x2c /opt/Freescale/KDS_v3/toolchain/bin/../lib/gcc/arm-none-eabi/4.8.4/../../../../arm-none-eabi/lib/armv6-m/libg_s.a(lib_a-init.o)
 .debug_frame   0x00000b18       0x20 /opt/Freescale/KDS_v3/toolchain/bin/../lib/gcc/arm-none-eabi/4.8.4/../../../../arm-none-eabi/lib/armv6-m/libg_s.a(lib_a-memset.o)
 .debug_frame   0x00000b38       0x50 /opt/Freescale/KDS_v3/toolchain/bin/../lib/gcc/arm-none-eabi/4.8.4/../../../../arm-none-eabi/lib/armv6-m/libg_s.a(lib_a-printf.o)
 .debug_frame   0x00000b88       0x44 /opt/Freescale/KDS_v3/toolchain/bin/../lib/gcc/arm-none-eabi/4.8.4/../../../../arm-none-eabi/lib/armv6-m/libg_s.a(lib_a-puts.o)
 .debug_frame   0x00000bcc       0xa0 /opt/Freescale/KDS_v3/toolchain/bin/../lib/gcc/arm-none-eabi/4.8.4/../../../../arm-none-eabi/lib/armv6-m/libg_s.a(lib_a-vfprintf.o)
 .debug_frame   0x00000c6c       0x54 /opt/Freescale/KDS_v3/toolchain/bin/../lib/gcc/arm-none-eabi/4.8.4/../../../../arm-none-eabi/lib/armv6-m/libg_s.a(lib_a-vfprintf_i.o)
 .debug_frame   0x00000cc0       0x44 /opt/Freescale/KDS_v3/toolchain/bin/../lib/gcc/arm-none-eabi/4.8.4/../../../../arm-none-eabi/lib/armv6-m/libg_s.a(lib_a-wbuf.o)
 .debug_frame   0x00000d04       0x2c /opt/Freescale/KDS_v3/toolchain/bin/../lib/gcc/arm-none-eabi/4.8.4/../../../../arm-none-eabi/lib/armv6-m/libg_s.a(lib_a-wsetup.o)
 .debug_frame   0x00000d30       0x68 /opt/Freescale/KDS_v3/toolchain/bin/../lib/gcc/arm-none-eabi/4.8.4/../../../../arm-none-eabi/lib/armv6-m/libg_s.a(lib_a-fflush.o)
 .debug_frame   0x00000d98      0x148 /opt/Freescale/KDS_v3/toolchain/bin/../lib/gcc/arm-none-eabi/4.8.4/../../../../arm-none-eabi/lib/armv6-m/libg_s.a(lib_a-findfp.o)
 .debug_frame   0x00000ee0       0x30 /opt/Freescale/KDS_v3/toolchain/bin/../lib/gcc/arm-none-eabi/4.8.4/../../../../arm-none-eabi/lib/armv6-m/libg_s.a(lib_a-makebuf.o)
 .debug_frame   0x00000f10       0x20 /opt/Freescale/KDS_v3/toolchain/bin/../lib/gcc/arm-none-eabi/4.8.4/../../../../arm-none-eabi/lib/armv6-m/libg_s.a(lib_a-memchr-stub.o)
 .debug_frame   0x00000f30       0x2c /opt/Freescale/KDS_v3/toolchain/bin/../lib/gcc/arm-none-eabi/4.8.4/../../../../arm-none-eabi/lib/armv6-m/libg_s.a(lib_a-nano-freer.o)
 .debug_frame   0x00000f5c       0x2c /opt/Freescale/KDS_v3/toolchain/bin/../lib/gcc/arm-none-eabi/4.8.4/../../../../arm-none-eabi/lib/armv6-m/libg_s.a(lib_a-nano-mallocr.o)
 .debug_frame   0x00000f88       0x2c /opt/Freescale/KDS_v3/toolchain/bin/../lib/gcc/arm-none-eabi/4.8.4/../../../../arm-none-eabi/lib/armv6-m/libg_s.a(lib_a-sbrkr.o)
 .debug_frame   0x00000fb4       0x90 /opt/Freescale/KDS_v3/toolchain/bin/../lib/gcc/arm-none-eabi/4.8.4/../../../../arm-none-eabi/lib/armv6-m/libg_s.a(lib_a-stdio.o)
 .debug_frame   0x00001044       0x20 /opt/Freescale/KDS_v3/toolchain/bin/../lib/gcc/arm-none-eabi/4.8.4/../../../../arm-none-eabi/lib/armv6-m/libg_s.a(lib_a-strlen.o)
 .debug_frame   0x00001064       0x2c /opt/Freescale/KDS_v3/toolchain/bin/../lib/gcc/arm-none-eabi/4.8.4/../../../../arm-none-eabi/lib/armv6-m/libg_s.a(lib_a-writer.o)
 .debug_frame   0x00001090       0x2c /opt/Freescale/KDS_v3/toolchain/bin/../lib/gcc/arm-none-eabi/4.8.4/../../../../arm-none-eabi/lib/armv6-m/libg_s.a(lib_a-closer.o)
 .debug_frame   0x000010bc       0x2c /opt/Freescale/KDS_v3/toolchain/bin/../lib/gcc/arm-none-eabi/4.8.4/../../../../arm-none-eabi/lib/armv6-m/libg_s.a(lib_a-fstatr.o)
 .debug_frame   0x000010e8       0x2c /opt/Freescale/KDS_v3/toolchain/bin/../lib/gcc/arm-none-eabi/4.8.4/../../../../arm-none-eabi/lib/armv6-m/libg_s.a(lib_a-isattyr.o)
 .debug_frame   0x00001114       0x2c /opt/Freescale/KDS_v3/toolchain/bin/../lib/gcc/arm-none-eabi/4.8.4/../../../../arm-none-eabi/lib/armv6-m/libg_s.a(lib_a-lseekr.o)
 .debug_frame   0x00001140       0x2c /opt/Freescale/KDS_v3/toolchain/bin/../lib/gcc/arm-none-eabi/4.8.4/../../../../arm-none-eabi/lib/armv6-m/libg_s.a(lib_a-readr.o)
 .debug_frame   0x0000116c       0x48 /opt/Freescale/KDS_v3/toolchain/bin/../lib/gcc/arm-none-eabi/4.8.4/../../../../arm-none-eabi/lib/armv6-m/libg_s.a(lib_a-reent.o)
 .debug_frame   0x000011b4       0x20 /opt/Freescale/KDS_v3/toolchain/bin/../lib/gcc/arm-none-eabi/4.8.4/armv6-m/libgcc.a(_udivsi3.o)
 .debug_frame   0x000011d4       0x20 /opt/Freescale/KDS_v3/toolchain/bin/../lib/gcc/arm-none-eabi/4.8.4/../../../../arm-none-eabi/lib/armv6-m/libnosys.a(close.o)
 .debug_frame   0x000011f4       0x20 /opt/Freescale/KDS_v3/toolchain/bin/../lib/gcc/arm-none-eabi/4.8.4/../../../../arm-none-eabi/lib/armv6-m/libnosys.a(fstat.o)
 .debug_frame   0x00001214       0x20 /opt/Freescale/KDS_v3/toolchain/bin/../lib/gcc/arm-none-eabi/4.8.4/../../../../arm-none-eabi/lib/armv6-m/libnosys.a(isatty.o)
 .debug_frame   0x00001234       0x20 /opt/Freescale/KDS_v3/toolchain/bin/../lib/gcc/arm-none-eabi/4.8.4/../../../../arm-none-eabi/lib/armv6-m/libnosys.a(lseek.o)
 .debug_frame   0x00001254       0x20 /opt/Freescale/KDS_v3/toolchain/bin/../lib/gcc/arm-none-eabi/4.8.4/../../../../arm-none-eabi/lib/armv6-m/libnosys.a(sbrk.o)
 .debug_frame   0x00001274       0x20 /opt/Freescale/KDS_v3/toolchain/bin/../lib/gcc/arm-none-eabi/4.8.4/../../../../arm-none-eabi/lib/armv6-m/libnosys.a(_exit.o)

.stab           0x00000000       0x6c
 .stab          0x00000000       0x24 /opt/Freescale/KDS_v3/toolchain/bin/../lib/gcc/arm-none-eabi/4.8.4/../../../../arm-none-eabi/lib/armv6-m/libnosys.a(close.o)
 .stab          0x00000024       0x18 /opt/Freescale/KDS_v3/toolchain/bin/../lib/gcc/arm-none-eabi/4.8.4/../../../../arm-none-eabi/lib/armv6-m/libnosys.a(fstat.o)
                                 0x24 (size before relaxing)
 .stab          0x0000003c       0x18 /opt/Freescale/KDS_v3/toolchain/bin/../lib/gcc/arm-none-eabi/4.8.4/../../../../arm-none-eabi/lib/armv6-m/libnosys.a(isatty.o)
                                 0x24 (size before relaxing)
 .stab          0x00000054       0x18 /opt/Freescale/KDS_v3/toolchain/bin/../lib/gcc/arm-none-eabi/4.8.4/../../../../arm-none-eabi/lib/armv6-m/libnosys.a(lseek.o)
                                 0x24 (size before relaxing)

.stabstr        0x00000000       0xe3
 .stabstr       0x00000000       0xe3 /opt/Freescale/KDS_v3/toolchain/bin/../lib/gcc/arm-none-eabi/4.8.4/../../../../arm-none-eabi/lib/armv6-m/libnosys.a(close.o)
